
> vr-affiliate-site@0.1.0 build
> next build

node.exe : 笞 Warning
: Next.js inferred yo
ur workspace root, bu
t it may not be corre
ct.
発生場所 行:1 文字:1
+ & "C:\Program Files
\nodejs/node.exe" "C:
\Program Files\nodejs
/node_mo ...
+ ~~~~~~~~~~~~~~~~~~~
~~~~~~~~~~~~~~~~~~~~~
~~~~~~~~~~~~~~~~~~~~~
~~~~~~~~
    + CategoryInfo   
           : NotSpe  
  cified: (笞 Warn   
 ing: Nex...not b    
e correct.:Strin    g
) [], RemoteExc    ep
tion
    + FullyQualified 
   ErrorId : Native  
  CommandError
 
 We detected multiple
 lockfiles and select
ed the directory of C
:\Users\user\package-
lock.json as the root
 directory.
 To silence this warn
ing, set `turbopack.r
oot` in your Next.js 
config, or consider r
emoving one of the lo
ckfiles if it's not n
eeded.
   See https://nextjs
.org/docs/app/api-ref
erence/config/next-co
nfig-js/turbopack#roo
t-directory for more 
information.
 Detected additional 
lockfiles: 
   * C:\Users\user\De
sktop\vr-affiliate-si
te\package-lock.json

笆ｲ Next.js 16.1.6 (Turbopack)
- Environments: .env.local

  Creating an optimized production build ...
笨・Compiled successfully in 4.9s
  Running TypeScript ...
Failed to compile.

./scripts/import-mast
er-data.ts:36:20
Type error: 'record' 
is of type 'unknown'.

[0m [90m 34 |[39m 
    [36mfor[39m ([
36mconst[39m record 
[36mof[39m records)
 {
 [90m 35 |[39m     
    [90m// Try to fi
nd ID column[39m
[31m[1m>[22m[39m
[90m 36 |[39m       
  [36mconst[39m id 
[33m=[39m record[[
32m'ID'[39m] [33m||
[39m record[[32m'id
'[39m][33m;[39m
 [90m    |[39m     
               [31m
[1m^[22m[39m
 [90m 37 |[39m     
    [36mif[39m (id)
 {
 [90m 38 |[39m     
        validIds[33m
.[39mpush(id[33m.[
39mtrim())[33m;[39m
 [90m 39 |[39m     
    }[0m
Next.js build worker 
exited with code: 1 a
nd signal: null
