
> vr-affiliate-site@0.1.0 build
> next build && node scripts/post-build-clean.js

node.exe : 笞 Warning
: Next.js inferred yo
ur workspace root, bu
t it may not be corre
ct.
発生場所 行:1 文字:1
+ & "C:\Program Files
\nodejs/node.exe" "C:
\Program Files\nodejs
/node_mo ...
+ ~~~~~~~~~~~~~~~~~~~
~~~~~~~~~~~~~~~~~~~~~
~~~~~~~~~~~~~~~~~~~~~
~~~~~~~~
    + CategoryInfo   
           : NotSpe  
  cified: (笞 Warn   
 ing: Nex...not b    
e correct.:Strin    g
) [], RemoteExc    ep
tion
    + FullyQualified 
   ErrorId : Native  
  CommandError
 
 We detected multiple
 lockfiles and select
ed the directory of C
:\Users\user\package-
lock.json as the root
 directory.
 To silence this warn
ing, set `turbopack.r
oot` in your Next.js 
config, or consider r
emoving one of the lo
ckfiles if it's not n
eeded.
   See https://nextjs
.org/docs/app/api-ref
erence/config/next-co
nfig-js/turbopack#roo
t-directory for more 
information.
 Detected additional 
lockfiles: 
   * C:\Users\user\De
sktop\vr-affiliate-si
te\package-lock.json

筧ｯ Unable to acquire 
lock at C:\Users\user
\Desktop\vr-affiliate
-site\.next\lock, is 
another instance of n
ext build running?
  Suggestion: If you intended to restart next build, terminate the other process, and then try again.
